<?xml version="1.0" encoding="UTF-8" ?>
<testsuites name="vitest tests" tests="29" failures="0" errors="0" time="6.626019977">
    <testsuite name="src/example.test.ts" timestamp="2025-08-28T05:17:27.551Z" hostname="ip-10-0-72-244" tests="3" failures="0" errors="0" skipped="0" time="0.003234997">
        <testcase classname="src/example.test.ts" name="Basic Test Suite &gt; should pass basic arithmetic" time="0.000991822">
        </testcase>
        <testcase classname="src/example.test.ts" name="Basic Test Suite &gt; should handle string operations" time="0.000283088">
        </testcase>
        <testcase classname="src/example.test.ts" name="Basic Test Suite &gt; should work with arrays" time="0.001035937">
        </testcase>
    </testsuite>
    <testsuite name="src/flaky.test.ts" timestamp="2025-08-28T05:17:27.552Z" hostname="ip-10-0-72-244" tests="20" failures="0" errors="0" skipped="0" time="0.007502972">
        <testcase classname="src/flaky.test.ts" name="Flaky Test Suite &gt; flaky test 1" time="0.00196456">
        </testcase>
        <testcase classname="src/flaky.test.ts" name="Flaky Test Suite &gt; flaky test 2" time="0.000335671">
        </testcase>
        <testcase classname="src/flaky.test.ts" name="Flaky Test Suite &gt; flaky test 3" time="0.000216998">
        </testcase>
        <testcase classname="src/flaky.test.ts" name="Flaky Test Suite &gt; flaky test 4" time="0.000322939">
        </testcase>
        <testcase classname="src/flaky.test.ts" name="Flaky Test Suite &gt; flaky test 5" time="0.000193429">
        </testcase>
        <testcase classname="src/flaky.test.ts" name="Flaky Test Suite &gt; flaky test 6" time="0.000203744">
        </testcase>
        <testcase classname="src/flaky.test.ts" name="Flaky Test Suite &gt; flaky test 7" time="0.000169383">
        </testcase>
        <testcase classname="src/flaky.test.ts" name="Flaky Test Suite &gt; flaky test 8" time="0.000146832">
        </testcase>
        <testcase classname="src/flaky.test.ts" name="Flaky Test Suite &gt; flaky test 9" time="0.000510331">
        </testcase>
        <testcase classname="src/flaky.test.ts" name="Flaky Test Suite &gt; flaky test 10" time="0.00023685">
        </testcase>
        <testcase classname="src/flaky.test.ts" name="Flaky Test Suite &gt; flaky test 11" time="0.000172402">
        </testcase>
        <testcase classname="src/flaky.test.ts" name="Flaky Test Suite &gt; flaky test 12" time="0.000125139">
        </testcase>
        <testcase classname="src/flaky.test.ts" name="Flaky Test Suite &gt; flaky test 13" time="0.000206288">
        </testcase>
        <testcase classname="src/flaky.test.ts" name="Flaky Test Suite &gt; flaky test 14" time="0.000142583">
        </testcase>
        <testcase classname="src/flaky.test.ts" name="Flaky Test Suite &gt; flaky test 15" time="0.000521236">
        </testcase>
        <testcase classname="src/flaky.test.ts" name="Flaky Test Suite &gt; flaky test 16" time="0.00017032">
        </testcase>
        <testcase classname="src/flaky.test.ts" name="Flaky Test Suite &gt; flaky test 17" time="0.00009376">
        </testcase>
        <testcase classname="src/flaky.test.ts" name="Flaky Test Suite &gt; flaky test 18" time="0.000119565">
        </testcase>
        <testcase classname="src/flaky.test.ts" name="Flaky Test Suite &gt; flaky test 19" time="0.000135994">
        </testcase>
        <testcase classname="src/flaky.test.ts" name="Flaky Test Suite &gt; flaky test 20" time="0.000112656">
        </testcase>
    </testsuite>
    <testsuite name="src/medium.test.ts" timestamp="2025-08-28T05:17:27.555Z" hostname="ip-10-0-72-244" tests="3" failures="0" errors="0" skipped="0" time="2.106230477">
        <testcase classname="src/medium.test.ts" name="Medium Speed Test Suite &gt; should be medium test 1" time="0.802135628">
        </testcase>
        <testcase classname="src/medium.test.ts" name="Medium Speed Test Suite &gt; should be medium test 2" time="0.601197683">
        </testcase>
        <testcase classname="src/medium.test.ts" name="Medium Speed Test Suite &gt; should be medium test 3" time="0.701235928">
        </testcase>
    </testsuite>
    <testsuite name="src/slow.test.ts" timestamp="2025-08-28T05:17:27.556Z" hostname="ip-10-0-72-244" tests="3" failures="0" errors="0" skipped="0" time="4.509051531">
        <testcase classname="src/slow.test.ts" name="Slow Test Suite &gt; should be slow test 1" time="2.003608644">
        </testcase>
        <testcase classname="src/slow.test.ts" name="Slow Test Suite &gt; should be slow test 2" time="1.502178513">
        </testcase>
        <testcase classname="src/slow.test.ts" name="Slow Test Suite &gt; should be slow test 3" time="1.001581319">
        </testcase>
    </testsuite>
</testsuites>
